
> portfolio-3d@0.0.0 build
> vite build

failed to load config from E:\bscode\3d-websites\portfolio-3d\vite.config.js
error during build:
Error [ERR_MODULE_NOT_FOUND]: Cannot find module 'E:\bscode\3d-websites\portfolio-3d\node_modules\@rolldown\pluginutils\dist\index.mjs' imported from E:\bscode\3d-websites\portfolio-3d\node_modules\@vitejs\plugin-react\dist\index.js
    at finalizeResolution (node:internal/modules/esm/resolve:275:11)
    at moduleResolve (node:internal/modules/esm/resolve:932:10)
    at defaultResolve (node:internal/modules/esm/resolve:1056:11)
    at ModuleLoader.defaultResolve (node:internal/modules/esm/loader:654:12)
    at #cachedDefaultResolve (node:internal/modules/esm/loader:603:25)
    at ModuleLoader.resolve (node:internal/modules/esm/loader:586:38)
    at ModuleLoader.getModuleJobForImport (node:internal/modules/esm/loader:242:38)
    at ModuleJob._link (node:internal/modules/esm/module_job:135:49)
